[demo.bootstrapious.com/directory/1-0/index.html]
[backblue.gif]
[fade.gif]
[index.html]
[d19m59y37dris4.cloudfront.net/directory/1-0/vendor/nouislider/nouislider.css]
[cdnjs.cloudflare.com/ajax/libs/Swiper/4.4.1/css/swiper.min.css]
[d19m59y37dris4.cloudfront.net/directory/1-0/vendor/magnific-popup/magnific-popup.css]
[demo.bootstrapious.com/directory/1-0/css/style.default.css]
[d19m59y37dris4.cloudfront.net/directory/1-0/img/favicon.png]
[use.fontawesome.com/releases/v5.1.0/css/solid.css]
[use.fontawesome.com/releases/v5.1.0/css/regular.css]
[use.fontawesome.com/releases/v5.1.0/css/brands.css]
[use.fontawesome.com/releases/v5.1.0/css/fontawesome.css]
[demo.bootstrapious.com/directory/1-0/index-2.html]
[demo.bootstrapious.com/directory/1-0/category.html]
[demo.bootstrapious.com/directory/1-0/category-2.html]
[demo.bootstrapious.com/directory/1-0/category-3.html]
[demo.bootstrapious.com/directory/1-0/detail.html]
[demo.bootstrapious.com/directory/1-0/category-rooms.html]
[demo.bootstrapious.com/directory/1-0/category-2-rooms.html]
[demo.bootstrapious.com/directory/1-0/category-3-rooms.html]
[demo.bootstrapious.com/directory/1-0/detail-rooms.html]
[demo.bootstrapious.com/directory/1-0/blog.html]
[demo.bootstrapious.com/directory/1-0/post.html]
[demo.bootstrapious.com/directory/1-0/contact.html]
[demo.bootstrapious.com/directory/1-0/pricing.html]
[demo.bootstrapious.com/directory/1-0/text.html]
[demo.bootstrapious.com/directory/1-0/faq.html]
[demo.bootstrapious.com/directory/1-0/docs/docs-introduction.html]
[demo.bootstrapious.com/directory/1-0/docs/docs-directory-structure.html]
[demo.bootstrapious.com/directory/1-0/docs/docs-gulp.html]
[demo.bootstrapious.com/directory/1-0/docs/docs-customizing-css.html]
[demo.bootstrapious.com/directory/1-0/docs/docs-credits.html]
[demo.bootstrapious.com/directory/1-0/docs/components-bootstrap.html]
[demo.bootstrapious.com/directory/1-0/docs/components-directory.html]
[d19m59y37dris4.cloudfront.net/directory/1-0/img/photo/photo-1521170665346-3f21e2291d8b.jpg]
[d19m59y37dris4.cloudfront.net/directory/1-0/img/photo/photo-1501621965065-c6e1cf6b53e2.jpg]
[d19m59y37dris4.cloudfront.net/directory/1-0/img/photo/photo-1519974719765-e6559eac2575.jpg]
[d19m59y37dris4.cloudfront.net/directory/1-0/img/photo/photo-1490578474895-699cd4e2cf59.jpg]
[d19m59y37dris4.cloudfront.net/directory/1-0/img/photo/photo-1534850336045-c6c6d287f89e.jpg]
[d19m59y37dris4.cloudfront.net/directory/1-0/img/photo/new-york.jpg]
[d19m59y37dris4.cloudfront.net/directory/1-0/img/photo/paris.jpg]
[d19m59y37dris4.cloudfront.net/directory/1-0/img/photo/barcelona.jpg]
[d19m59y37dris4.cloudfront.net/directory/1-0/img/photo/prague.jpg]
[d19m59y37dris4.cloudfront.net/directory/1-0/img/photo/photo-1484154218962-a197022b5858.jpg]
[d19m59y37dris4.cloudfront.net/directory/1-0/img/avatar/avatar-0.jpg]
[d19m59y37dris4.cloudfront.net/directory/1-0/img/photo/photo-1426122402199-be02db90eb90.jpg]
[d19m59y37dris4.cloudfront.net/directory/1-0/img/avatar/avatar-7.jpg]
[d19m59y37dris4.cloudfront.net/directory/1-0/img/photo/photo-1512917774080-9991f1c4c750.jpg]
[d19m59y37dris4.cloudfront.net/directory/1-0/img/avatar/avatar-8.jpg]
[d19m59y37dris4.cloudfront.net/directory/1-0/img/photo/photo-1494526585095-c41746248156.jpg]
[d19m59y37dris4.cloudfront.net/directory/1-0/img/avatar/avatar-9.jpg]
[d19m59y37dris4.cloudfront.net/directory/1-0/img/photo/photo-1522771739844-6a9f6d5f14af.jpg]
[d19m59y37dris4.cloudfront.net/directory/1-0/img/avatar/avatar-10.jpg]
[d19m59y37dris4.cloudfront.net/directory/1-0/img/photo/photo-1488805990569-3c9e1d76d51c.jpg]
[d19m59y37dris4.cloudfront.net/directory/1-0/img/avatar/avatar-11.jpg]
[d19m59y37dris4.cloudfront.net/directory/1-0/img/photo/photo-1497436072909-60f360e1d4b1.jpg]
[d19m59y37dris4.cloudfront.net/directory/1-0/img/avatar/avatar-3.jpg]
[d19m59y37dris4.cloudfront.net/directory/1-0/img/photo/photo-1482463084673-98272196658a.jpg]
[d19m59y37dris4.cloudfront.net/directory/1-0/img/instagram/instagram-1.jpg]
[d19m59y37dris4.cloudfront.net/directory/1-0/img/instagram/instagram-2.jpg]
[d19m59y37dris4.cloudfront.net/directory/1-0/img/instagram/instagram-3.jpg]
[d19m59y37dris4.cloudfront.net/directory/1-0/img/instagram/instagram-4.jpg]
[d19m59y37dris4.cloudfront.net/directory/1-0/img/instagram/instagram-5.jpg]
[d19m59y37dris4.cloudfront.net/directory/1-0/img/instagram/instagram-6.jpg]
[d19m59y37dris4.cloudfront.net/directory/1-0/img/instagram/instagram-7.jpg]
[d19m59y37dris4.cloudfront.net/directory/1-0/img/instagram/instagram-8.jpg]
[d19m59y37dris4.cloudfront.net/directory/1-0/img/instagram/instagram-9.jpg]
[d19m59y37dris4.cloudfront.net/directory/1-0/img/instagram/instagram-10.jpg]
[d19m59y37dris4.cloudfront.net/directory/1-0/img/instagram/instagram-11.jpg]
[d19m59y37dris4.cloudfront.net/directory/1-0/img/instagram/instagram-12.jpg]
[d19m59y37dris4.cloudfront.net/directory/1-0/img/instagram/instagram-13.jpg]
[d19m59y37dris4.cloudfront.net/directory/1-0/img/instagram/instagram-14.jpg]
[d19m59y37dris4.cloudfront.net/directory/1-0/vendor/jquery/jquery.min.js]
[d19m59y37dris4.cloudfront.net/directory/1-0/vendor/bootstrap/js/bootstrap.bundle.min.js]
[d19m59y37dris4.cloudfront.net/directory/1-0/vendor/magnific-popup/jquery.magnific-popup.min.js]
[d19m59y37dris4.cloudfront.net/directory/1-0/vendor/smooth-scroll/smooth-scroll.polyfills.min.js]
[d19m59y37dris4.cloudfront.net/directory/1-0/vendor/bootstrap-select/js/bootstrap-select.min.js]
[d19m59y37dris4.cloudfront.net/directory/1-0/vendor/object-fit-images/ofi.min.js]
[cdnjs.cloudflare.com/ajax/libs/Swiper/4.4.1/js/swiper.min.js]
[demo.bootstrapious.com/directory/1-0/index.html]
[d19m59y37dris4.cloudfront.net/directory/1-0/vendor/nouislider/nouislider.css]
[cdnjs.cloudflare.com/ajax/libs/Swiper/4.4.1/css/swiper.min.css]
[d19m59y37dris4.cloudfront.net/directory/1-0/vendor/magnific-popup/magnific-popup.css]
[demo.bootstrapious.com/directory/1-0/css/style.default.css]
[demo.bootstrapious.com/directory/1-0/css/custom.css]
[use.fontawesome.com/releases/v5.1.0/css/solid.css]
[use.fontawesome.com/releases/v5.1.0/css/regular.css]
[use.fontawesome.com/releases/v5.1.0/css/brands.css]
[use.fontawesome.com/releases/v5.1.0/css/fontawesome.css]
[demo.bootstrapious.com/directory/1-0/js/theme.js]
[d19m59y37dris4.cloudfront.net/directory/1-0/img/photo/photo-1525610553991-2bede1a236e2.jpg]
[d19m59y37dris4.cloudfront.net/directory/1-0/img/photo/photo-1449034446853-66c86144b0ad.jpg]
[d19m59y37dris4.cloudfront.net/directory/1-0/img/photo/photo-1429554429301-1c7d5ae2d42e.jpg]
[d19m59y37dris4.cloudfront.net/directory/1-0/img/photo/photo-1523430410476-0185cb1f6ff9.jpg]
[d19m59y37dris4.cloudfront.net/directory/1-0/img/photo/photo-1505245208761-ba872912fac0.jpg]
[d19m59y37dris4.cloudfront.net/directory/1-0/img/photo/photo-1519867850-74775a87e783.jpg]
[d19m59y37dris4.cloudfront.net/directory/1-0/img/photo/restaurant-1430931071372-38127bd472b8.jpg]
[d19m59y37dris4.cloudfront.net/directory/1-0/img/photo/restaurant-1436018626274-89acd1d6ec9d.jpg]
[d19m59y37dris4.cloudfront.net/directory/1-0/img/photo/restaurant-1466978913421-dad2ebd01d17.jpg]
[d19m59y37dris4.cloudfront.net/directory/1-0/img/photo/restaurant-1477763858572-cda7deaa9bc5.jpg]
[d19m59y37dris4.cloudfront.net/directory/1-0/img/photo/restaurant-1504087697492-238a6bf49ce8.jpg]
[d19m59y37dris4.cloudfront.net/directory/1-0/img/photo/restaurant-1505275350441-83dcda8eeef5.jpg]
[d19m59y37dris4.cloudfront.net/directory/1-0/img/photo/photo-1507915135761-41a0a222c709.jpg]
[demo.bootstrapious.com/directory/1-0/index-2.html]
[unpkg.com/leaflet@1.3.4/dist/leaflet.css]
[unpkg.com/leaflet@1.3.4/dist/leaflet.js]
[demo.bootstrapious.com/directory/1-0/js/map-category.js]
[demo.bootstrapious.com/directory/1-0/category.html]
[demo.bootstrapious.com/directory/1-0/category-2.html]
[demo.bootstrapious.com/directory/1-0/category-3.html]
[d19m59y37dris4.cloudfront.net/directory/1-0/vendor/nouislider/nouislider.min.js]
[d19m59y37dris4.cloudfront.net/directory/1-0/img/photo/restaurant-1515164783716-8e6920f3e77c.jpg]
[demo.bootstrapious.com/directory/1-0/img/photo/restaurant-1515164783716-8e6920f3e77c.jpg]
[demo.bootstrapious.com/directory/1-0/img/photo/restaurant-1466978913421-dad2ebd01d17.jpg]
[demo.bootstrapious.com/directory/1-0/img/photo/restaurant-1477763858572-cda7deaa9bc5.jpg]
[demo.bootstrapious.com/directory/1-0/img/photo/restaurant-1505275350441-83dcda8eeef5.jpg]
[demo.bootstrapious.com/directory/1-0/img/photo/restaurant-1508766917616-d22f3f1eea14.jpg]
[d19m59y37dris4.cloudfront.net/directory/1-0/img/photo/restaurant-1508766917616-d22f3f1eea14.jpg]
[demo.bootstrapious.com/directory/1-0/img/photo/restaurant-1430931071372-38127bd472b8.jpg]
[d19m59y37dris4.cloudfront.net/directory/1-0/img/avatar/avatar-2.jpg]
[d19m59y37dris4.cloudfront.net/directory/1-0/img/avatar/avatar-4.jpg]
[demo.bootstrapious.com/directory/1-0/js/map-detail.js]
[demo.bootstrapious.com/directory/1-0/detail.html]
[demo.bootstrapious.com/directory/1-0/category-rooms.html]
[cdnjs.cloudflare.com/ajax/libs/moment.js/2.22.2/moment.min.js]
[cdnjs.cloudflare.com/ajax/libs/jquery-date-range-picker/0.19.0/jquery.daterangepicker.min.js]
[demo.bootstrapious.com/directory/1-0/js/datepicker-category.js]
[demo.bootstrapious.com/directory/1-0/category-2-rooms.html]
[demo.bootstrapious.com/directory/1-0/category-3-rooms.html]
[demo.bootstrapious.com/directory/1-0/img/photo/photo-1426122402199-be02db90eb90.jpg]
[demo.bootstrapious.com/directory/1-0/img/photo/photo-1512917774080-9991f1c4c750.jpg]
[demo.bootstrapious.com/directory/1-0/img/photo/photo-1494526585095-c41746248156.jpg]
[demo.bootstrapious.com/directory/1-0/img/photo/photo-1484154218962-a197022b5858.jpg]
[demo.bootstrapious.com/directory/1-0/img/photo/photo-1522771739844-6a9f6d5f14af.jpg]
[demo.bootstrapious.com/directory/1-0/img/photo/photo-1488805990569-3c9e1d76d51c.jpg]
[demo.bootstrapious.com/directory/1-0/js/datepicker-detail.js]
[demo.bootstrapious.com/directory/1-0/detail-rooms.html]
[d19m59y37dris4.cloudfront.net/directory/1-0/img/photo/photo-1467987506553-8f3916508521.jpg]
[d19m59y37dris4.cloudfront.net/directory/1-0/img/photo/photo-1499695867787-121ffb7950bf.jpg]
[d19m59y37dris4.cloudfront.net/directory/1-0/img/photo/photo-1495562569060-2eec283d3391.jpg]
[d19m59y37dris4.cloudfront.net/directory/1-0/img/photo/photo-1514890547357-a9ee288728e0.jpg]
[demo.bootstrapious.com/directory/1-0/blog.html]
[d19m59y37dris4.cloudfront.net/directory/1-0/img/photo/photo-1471189641895-16c58a695bcb.jpg]
[demo.bootstrapious.com/directory/1-0/post.html]
[d19m59y37dris4.cloudfront.net/directory/1-0/img/photo/photo-1522143049013-2519756a52d4.jpg]
[demo.bootstrapious.com/directory/1-0/contact.html]
[demo.bootstrapious.com/directory/1-0/pricing.html]
[demo.bootstrapious.com/directory/1-0/text.html]
[demo.bootstrapious.com/directory/1-0/faq.html]
[d19m59y37dris4.cloudfront.net/directory/1-0/img/coming-soon.png]
[demo.bootstrapious.com/directory/1-0/coming-soon.html]
[demo.bootstrapious.com/directory/1-0/img/favicon.png]
[demo.bootstrapious.com/directory/1-0/img/photo/photo-1521170665346-3f21e2291d8b.jpg]
[demo.bootstrapious.com/directory/1-0/vendor/jquery/jquery.min.js]
[demo.bootstrapious.com/directory/1-0/vendor/bootstrap/js/bootstrap.bundle.min.js]
[demo.bootstrapious.com/directory/1-0/vendor/magnific-popup/jquery.magnific-popup.min.js]
[demo.bootstrapious.com/directory/1-0/vendor/smooth-scroll/smooth-scroll.polyfills.min.js]
[demo.bootstrapious.com/directory/1-0/vendor/bootstrap-select/js/bootstrap-select.min.js]
[demo.bootstrapious.com/directory/1-0/vendor/object-fit-images/ofi.min.js]
[demo.bootstrapious.com/directory/1-0/vendor/prismjs/prism.js]
[demo.bootstrapious.com/directory/1-0/vendor/prismjs/plugins/normalize-whitespace/prism-normalize-whitespace.js]
[demo.bootstrapious.com/directory/1-0/docs/docs-introduction.html]
[demo.bootstrapious.com/directory/1-0/docs/docs-directory-structure.html]
[demo.bootstrapious.com/directory/1-0/docs/docs-gulp.html]
[demo.bootstrapious.com/directory/1-0/docs/docs-customizing-css.html]
[demo.bootstrapious.com/directory/1-0/docs/docs-credits.html]
[demo.bootstrapious.com/directory/1-0/docs/components-bootstrap.html]
[demo.bootstrapious.com/directory/1-0/img/avatar/avatar-0.jpg]
[demo.bootstrapious.com/directory/1-0/img/avatar/avatar-1.jpg]
[demo.bootstrapious.com/directory/1-0/img/avatar/avatar-2.jpg]
[demo.bootstrapious.com/directory/1-0/img/avatar/avatar-3.jpg]
[demo.bootstrapious.com/directory/1-0/img/avatar/avatar-4.jpg]
[demo.bootstrapious.com/directory/1-0/img/avatar/avatar-5.jpg]
[demo.bootstrapious.com/directory/1-0/icons/demo.html]
[demo.bootstrapious.com/directory/1-0/js/restaurants-geojson.json]
[demo.bootstrapious.com/directory/1-0/js/rooms-geojson.json]
[demo.bootstrapious.com/directory/1-0/img/avatar/avatar-7.jpg]
[demo.bootstrapious.com/directory/1-0/img/avatar/avatar-8.jpg]
[demo.bootstrapious.com/directory/1-0/img/avatar/avatar-9.jpg]
[demo.bootstrapious.com/directory/1-0/img/avatar/avatar-10.jpg]
[demo.bootstrapious.com/directory/1-0/img/avatar/avatar-11.jpg]
[demo.bootstrapious.com/directory/1-0/img/photo/restaurant-1504087697492-238a6bf49ce8.jpg]
[demo.bootstrapious.com/directory/1-0/img/photo/photo-1467987506553-8f3916508521.jpg]
[demo.bootstrapious.com/directory/1-0/img/photo/photo-1514890547357-a9ee288728e0.jpg]
[demo.bootstrapious.com/directory/1-0/docs/components-directory.html]
[demo.bootstrapious.com/directory/1-0/GET.html]
[demo.bootstrapious.com/directory/1-0/icons/orion-svg-sprite.svg]
[unpkg.com/leaflet@1.3.4/dist/images/layers.png]
[unpkg.com/leaflet@1.3.4/dist/images/layers-2x.png]
[unpkg.com/leaflet@1.3.4/dist/images/marker-icon.png]
[unpkg.com/leaflet@1.3.4/dist/leaflet.css]
[demo.bootstrapious.com/directory/1-0/vendor/nouislider/nouislider.css]
[demo.bootstrapious.com/directory/1-0/vendor/magnific-popup/magnific-popup.css]
[demo.bootstrapious.com/directory/1-0/vendor/prismjs/themes/prism-okaidia.css]
[demo.bootstrapious.com/directory/1-0/docs/index.html]
[demo.bootstrapious.com/directory/1-0/img/visa.svg]
[demo.bootstrapious.com/directory/1-0/img/mastercard.svg]
[demo.bootstrapious.com/directory/1-0/img/paypal.svg]
[demo.bootstrapious.com/directory/1-0/img/western-union.svg]
[demo.bootstrapious.com/directory/1-0/docs/GET.html]
[demo.bootstrapious.com/directory/1-0/icons/demo.html]
[demo.bootstrapious.com/directory/1-0/docs/detail-rooms.html]
[demo.bootstrapious.com/directory/1-0/docs/category.html]
